nohup: ignoring input
2026-09-14 23:31:20,890 - httpx - INFO - HTTP Request: POST https://api.telegram.org/bot8559243141:AAGYfIuTuZ2BCzjcFrENHfUquj_TDM5emgs/getMe "HTTP/1.1 200 OK"
2026-09-14 23:31:21,065 - httpx - INFO - HTTP Request: POST https://api.telegram.org/bot8559243141:AAGYfIuTuZ2BCzjcFrENHfUquj_TDM5emgs/deleteWebhook "HTTP/1.1 200 OK"
2026-09-14 23:31:21,069 - telegram.ext.Application - INFO - Application started
2026-09-14 23:31:31,577 - httpx - INFO - HTTP Request: POST https://api.telegram.org/bot8559243141:AAGYfIuTuZ2BCzjcFrENHfUquj_TDM5emgs/getUpdates "HTTP/1.1 200 OK"
2026-09-14 23:31:41,752 - httpx - INFO - HTTP Request: POST https://api.telegram.org/bot8559243141:AAGYfIuTuZ2BCzjcFrENHfUquj_TDM5emgs/getUpdates "HTTP/1.1 200 OK"
2026-09-14 23:31:51,923 - httpx - INFO - HTTP Request: POST https://api.telegram.org/bot8559243141:AAGYfIuTuZ2BCzjcFrENHfUquj_TDM5emgs/getUpdates "HTTP/1.1 200 OK"
2026-09-14 23:32:02,110 - httpx - INFO - HTTP Request: POST https://api.telegram.org/bot8559243141:AAGYfIuTuZ2BCzjcFrENHfUquj_TDM5emgs/getUpdates "HTTP/1.1 200 OK"
2026-09-14 23:32:12,277 - httpx - INFO - HTTP Request: POST https://api.telegram.org/bot8559243141:AAGYfIuTuZ2BCzjcFrENHfUquj_TDM5emgs/getUpdates "HTTP/1.1 200 OK"
2026-09-14 23:32:22,444 - httpx - INFO - HTTP Request: POST https://api.telegram.org/bot8559243141:AAGYfIuTuZ2BCzjcFrENHfUquj_TDM5emgs/getUpdates "HTTP/1.1 200 OK"
2026-09-14 23:32:32,619 - httpx - INFO - HTTP Request: POST https://api.telegram.org/bot8559243141:AAGYfIuTuZ2BCzjcFrENHfUquj_TDM5emgs/getUpdates "HTTP/1.1 200 OK"
2026-09-14 23:32:42,788 - httpx - INFO - HTTP Request: POST https://api.telegram.org/bot8559243141:AAGYfIuTuZ2BCzjcFrENHfUquj_TDM5emgs/getUpdates "HTTP/1.1 200 OK"
2026-09-14 23:32:52,955 - httpx - INFO - HTTP Request: POST https://api.telegram.org/bot8559243141:AAGYfIuTuZ2BCzjcFrENHfUquj_TDM5emgs/getUpdates "HTTP/1.1 200 OK"
2026-09-14 23:33:03,122 - httpx - INFO - HTTP Request: POST https://api.telegram.org/bot8559243141:AAGYfIuTuZ2BCzjcFrENHfUquj_TDM5emgs/getUpdates "HTTP/1.1 200 OK"
2026-09-14 23:33:13,292 - httpx - INFO - HTTP Request: POST https://api.telegram.org/bot8559243141:AAGYfIuTuZ2BCzjcFrENHfUquj_TDM5emgs/getUpdates "HTTP/1.1 200 OK"
2026-09-14 23:33:23,462 - httpx - INFO - HTTP Request: POST https://api.telegram.org/bot8559243141:AAGYfIuTuZ2BCzjcFrENHfUquj_TDM5emgs/getUpdates "HTTP/1.1 200 OK"
2026-09-14 23:33:33,632 - httpx - INFO - HTTP Request: POST https://api.telegram.org/bot8559243141:AAGYfIuTuZ2BCzjcFrENHfUquj_TDM5emgs/getUpdates "HTTP/1.1 200 OK"
2026-09-14 23:33:43,810 - httpx - INFO - HTTP Request: POST https://api.telegram.org/bot8559243141:AAGYfIuTuZ2BCzjcFrENHfUquj_TDM5emgs/getUpdates "HTTP/1.1 200 OK"
2026-09-14 23:33:53,986 - httpx - INFO - HTTP Request: POST https://api.telegram.org/bot8559243141:AAGYfIuTuZ2BCzjcFrENHfUquj_TDM5emgs/getUpdates "HTTP/1.1 200 OK"
2026-09-14 23:34:04,160 - httpx - INFO - HTTP Request: POST https://api.telegram.org/bot8559243141:AAGYfIuTuZ2BCzjcFrENHfUquj_TDM5emgs/getUpdates "HTTP/1.1 200 OK"
2026-09-14 23:34:14,340 - httpx - INFO - HTTP Request: POST https://api.telegram.org/bot8559243141:AAGYfIuTuZ2BCzjcFrENHfUquj_TDM5emgs/getUpdates "HTTP/1.1 200 OK"
2026-09-14 23:34:24,513 - httpx - INFO - HTTP Request: POST https://api.telegram.org/bot8559243141:AAGYfIuTuZ2BCzjcFrENHfUquj_TDM5emgs/getUpdates "HTTP/1.1 200 OK"
2026-09-14 23:34:34,683 - httpx - INFO - HTTP Request: POST https://api.telegram.org/bot8559243141:AAGYfIuTuZ2BCzjcFrENHfUquj_TDM5emgs/getUpdates "HTTP/1.1 200 OK"
2026-09-14 23:34:44,852 - httpx - INFO - HTTP Request: POST https://api.telegram.org/bot8559243141:AAGYfIuTuZ2BCzjcFrENHfUquj_TDM5emgs/getUpdates "HTTP/1.1 200 OK"
2026-09-14 23:34:55,019 - httpx - INFO - HTTP Request: POST https://api.telegram.org/bot8559243141:AAGYfIuTuZ2BCzjcFrENHfUquj_TDM5emgs/getUpdates "HTTP/1.1 200 OK"
2026-09-14 23:35:05,190 - httpx - INFO - HTTP Request: POST https://api.telegram.org/bot8559243141:AAGYfIuTuZ2BCzjcFrENHfUquj_TDM5emgs/getUpdates "HTTP/1.1 200 OK"
2026-09-14 23:35:15,366 - httpx - INFO - HTTP Request: POST https://api.telegram.org/bot8559243141:AAGYfIuTuZ2BCzjcFrENHfUquj_TDM5emgs/getUpdates "HTTP/1.1 200 OK"
2026-09-14 23:35:25,894 - httpx - INFO - HTTP Request: POST https://api.telegram.org/bot8559243141:AAGYfIuTuZ2BCzjcFrENHfUquj_TDM5emgs/getUpdates "HTTP/1.1 200 OK"
2026-09-14 23:35:36,068 - httpx - INFO - HTTP Request: POST https://api.telegram.org/bot8559243141:AAGYfIuTuZ2BCzjcFrENHfUquj_TDM5emgs/getUpdates "HTTP/1.1 200 OK"
2026-09-14 23:35:46,236 - httpx - INFO - HTTP Request: POST https://api.telegram.org/bot8559243141:AAGYfIuTuZ2BCzjcFrENHfUquj_TDM5emgs/getUpdates "HTTP/1.1 200 OK"
2026-09-14 23:35:56,409 - httpx - INFO - HTTP Request: POST https://api.telegram.org/bot8559243141:AAGYfIuTuZ2BCzjcFrENHfUquj_TDM5emgs/getUpdates "HTTP/1.1 200 OK"
2026-09-14 23:36:06,580 - httpx - INFO - HTTP Request: POST https://api.telegram.org/bot8559243141:AAGYfIuTuZ2BCzjcFrENHfUquj_TDM5emgs/getUpdates "HTTP/1.1 200 OK"
2026-09-14 23:36:16,756 - httpx - INFO - HTTP Request: POST https://api.telegram.org/bot8559243141:AAGYfIuTuZ2BCzjcFrENHfUquj_TDM5emgs/getUpdates "HTTP/1.1 200 OK"
2026-09-14 23:36:26,926 - httpx - INFO - HTTP Request: POST https://api.telegram.org/bot8559243141:AAGYfIuTuZ2BCzjcFrENHfUquj_TDM5emgs/getUpdates "HTTP/1.1 200 OK"
2026-09-14 23:36:37,100 - httpx - INFO - HTTP Request: POST https://api.telegram.org/bot8559243141:AAGYfIuTuZ2BCzjcFrENHfUquj_TDM5emgs/getUpdates "HTTP/1.1 200 OK"
2026-09-14 23:36:47,270 - httpx - INFO - HTTP Request: POST https://api.telegram.org/bot8559243141:AAGYfIuTuZ2BCzjcFrENHfUquj_TDM5emgs/getUpdates "HTTP/1.1 200 OK"
2026-09-14 23:36:57,441 - httpx - INFO - HTTP Request: POST https://api.telegram.org/bot8559243141:AAGYfIuTuZ2BCzjcFrENHfUquj_TDM5emgs/getUpdates "HTTP/1.1 200 OK"
2026-09-14 23:37:07,611 - httpx - INFO - HTTP Request: POST https://api.telegram.org/bot8559243141:AAGYfIuTuZ2BCzjcFrENHfUquj_TDM5emgs/getUpdates "HTTP/1.1 200 OK"
2026-09-14 23:37:17,789 - httpx - INFO - HTTP Request: POST https://api.telegram.org/bot8559243141:AAGYfIuTuZ2BCzjcFrENHfUquj_TDM5emgs/getUpdates "HTTP/1.1 200 OK"
